 
****************************************
Report : constraint
        -all_violators
Design : AES_top
Version: J-2014.09-SP2
Date   : Tue May  5 21:52:22 2020
****************************************


   max_delay/setup ('clk' group)

                             Required        Actual
   Endpoint                 Path Delay     Path Delay        Slack
   -----------------------------------------------------------------
   core1/text_AR_d_reg[5][5]/D
                                0.47           2.58 r        -2.11  (VIOLATED)
   core1/text_AR_d_reg[7][5]/D
                                0.48           2.58 f        -2.10  (VIOLATED)
   core1/text_AR_d_reg[6][6]/D
                                0.47           2.56 r        -2.09  (VIOLATED)
   core1/text_AR_d_reg[4][5]/D
                                0.46           2.55 r        -2.08  (VIOLATED)
   core1/text_AR_d_reg[14][1]/D
                                0.46           2.54 r        -2.08  (VIOLATED)
   core1/text_AR_d_reg[5][1]/D
                                0.46           2.54 r        -2.08  (VIOLATED)
   core1/text_AR_d_reg[6][5]/D
                                0.46           2.54 r        -2.07  (VIOLATED)
   core1/text_AR_d_reg[5][4]/D
                                0.48           2.55 f        -2.07  (VIOLATED)
   core1/text_AR_d_reg[5][6]/D
                                0.47           2.54 r        -2.07  (VIOLATED)
   cipher_text[69]              0.40           2.47 f        -2.07  (VIOLATED)
   core1/text_AR_d_reg[6][2]/D
                                0.47           2.53 r        -2.07  (VIOLATED)
   core1/text_AR_d_reg[13][6]/D
                                0.47           2.53 r        -2.07  (VIOLATED)
   core1/text_AR_d_reg[15][5]/D
                                0.47           2.53 r        -2.07  (VIOLATED)
   cipher_text[85]              0.40           2.47 r        -2.07  (VIOLATED)
   core1/text_AR_d_reg[14][6]/D
                                0.46           2.53 r        -2.06  (VIOLATED)
   core1/text_AR_d_reg[13][5]/D
                                0.46           2.53 r        -2.06  (VIOLATED)
   core1/text_AR_d_reg[12][5]/D
                                0.46           2.52 r        -2.06  (VIOLATED)
   core1/text_AR_d_reg[15][0]/D
                                0.47           2.53 r        -2.06  (VIOLATED)
   core1/text_AR_d_reg[13][1]/D
                                0.48           2.53 f        -2.05  (VIOLATED)
   core1/text_AR_d_reg[7][4]/D
                                0.48           2.53 f        -2.05  (VIOLATED)
   cipher_text[78]              0.40           2.45 r        -2.05  (VIOLATED)
   cipher_text[93]              0.40           2.44 f        -2.04  (VIOLATED)
   core1/text_AR_d_reg[14][2]/D
                                0.47           2.51 r        -2.04  (VIOLATED)
   core1/text_AR_d_reg[6][1]/D
                                0.46           2.51 r        -2.04  (VIOLATED)
   core1/text_AR_d_reg[4][1]/D
                                0.48           2.52 f        -2.04  (VIOLATED)
   cipher_text[81]              0.40           2.44 f        -2.04  (VIOLATED)
   cipher_text[74]              0.40           2.44 f        -2.04  (VIOLATED)
   core1/text_AR_d_reg[15][6]/D
                                0.47           2.50 r        -2.04  (VIOLATED)
   cipher_text[84]              0.40           2.44 f        -2.04  (VIOLATED)
   cipher_text[9]               0.40           2.43 f        -2.03  (VIOLATED)
   core1/text_AR_d_reg[12][0]/D
                                0.48           2.51 f        -2.03  (VIOLATED)
   cipher_text[86]              0.40           2.43 f        -2.03  (VIOLATED)
   cipher_text[22]              0.40           2.43 f        -2.03  (VIOLATED)
   cipher_text[5]               0.40           2.43 f        -2.03  (VIOLATED)
   core1/text_AR_d_reg[4][0]/D
                                0.47           2.50 r        -2.03  (VIOLATED)
   core1/text_AR_d_reg[12][1]/D
                                0.46           2.49 r        -2.03  (VIOLATED)
   cipher_text[77]              0.40           2.43 r        -2.03  (VIOLATED)
   core1/text_AR_d_reg[7][0]/D
                                0.47           2.49 r        -2.02  (VIOLATED)
   core1/text_AR_d_reg[13][0]/D
                                0.46           2.49 r        -2.02  (VIOLATED)
   cipher_text[68]              0.40           2.42 f        -2.02  (VIOLATED)
   cipher_text[17]              0.40           2.42 f        -2.02  (VIOLATED)
   cipher_text[0]               0.40           2.42 f        -2.02  (VIOLATED)
   core1/text_AR_d_reg[12][6]/D
                                0.46           2.48 r        -2.02  (VIOLATED)
   core1/text_AR_d_reg[14][7]/D
                                0.46           2.48 r        -2.02  (VIOLATED)
   core1/text_AR_d_reg[5][0]/D
                                0.48           2.50 f        -2.02  (VIOLATED)
   core1/text_AR_d_reg[13][7]/D
                                0.47           2.48 r        -2.02  (VIOLATED)
   cipher_text[14]              0.40           2.42 r        -2.02  (VIOLATED)
   cipher_text[21]              0.40           2.41 r        -2.01  (VIOLATED)
   cipher_text[29]              0.40           2.41 r        -2.01  (VIOLATED)
   core1/text_AR_d_reg[13][4]/D
                                0.46           2.48 r        -2.01  (VIOLATED)
   core1/text_AR_d_reg[7][1]/D
                                0.48           2.49 f        -2.01  (VIOLATED)
   core1/text_AR_d_reg[4][4]/D
                                0.46           2.47 r        -2.01  (VIOLATED)
   cipher_text[10]              0.40           2.41 f        -2.01  (VIOLATED)
   core1/text_AR_d_reg[5][7]/D
                                0.47           2.47 r        -2.01  (VIOLATED)
   core1/text_AR_d_reg[13][2]/D
                                0.46           2.47 r        -2.01  (VIOLATED)
   core1/text_AR_d_reg[14][4]/D
                                0.46           2.47 r        -2.00  (VIOLATED)
   cipher_text[89]              0.40           2.40 f        -2.00  (VIOLATED)
   core1/text_AR_d_reg[3][7]/D
                                0.47           2.47 r        -2.00  (VIOLATED)
   core1/text_AR_d_reg[12][3]/D
                                0.46           2.46 r        -2.00  (VIOLATED)
   core1/text_AR_d_reg[6][0]/D
                                0.47           2.47 r        -2.00  (VIOLATED)
   core1/text_AR_d_reg[6][4]/D
                                0.47           2.46 r        -2.00  (VIOLATED)
   cipher_text[6]               0.40           2.40 f        -2.00  (VIOLATED)
   cipher_text[24]              0.40           2.40 f        -2.00  (VIOLATED)
   core1/text_AR_d_reg[10][4]/D
                                0.46           2.46 r        -2.00  (VIOLATED)
   cipher_text[88]              0.40           2.40 f        -2.00  (VIOLATED)
   cipher_text[73]              0.40           2.40 f        -2.00  (VIOLATED)
   core1/text_AR_d_reg[8][0]/D
                                0.47           2.46 r        -2.00  (VIOLATED)
   core1/text_AR_d_reg[11][0]/D
                                0.47           2.46 r        -1.99  (VIOLATED)
   core1/text_AR_d_reg[10][0]/D
                                0.47           2.46 r        -1.99  (VIOLATED)
   core1/text_AR_d_reg[15][3]/D
                                0.46           2.46 r        -1.99  (VIOLATED)
   core1/text_AR_d_reg[12][4]/D
                                0.48           2.47 f        -1.99  (VIOLATED)
   core1/text_AR_d_reg[11][5]/D
                                0.47           2.46 r        -1.99  (VIOLATED)
   core1/text_AR_d_reg[7][2]/D
                                0.47           2.45 r        -1.99  (VIOLATED)
   core1/text_AR_d_reg[11][7]/D
                                0.47           2.45 r        -1.99  (VIOLATED)
   core1/text_AR_d_reg[5][2]/D
                                0.46           2.45 r        -1.99  (VIOLATED)
   core1/text_AR_d_reg[14][3]/D
                                0.46           2.45 r        -1.99  (VIOLATED)
   core1/text_AR_d_reg[4][6]/D
                                0.48           2.47 f        -1.99  (VIOLATED)
   core1/text_AR_d_reg[6][7]/D
                                0.48           2.47 f        -1.99  (VIOLATED)
   core1/text_AR_d_reg[15][7]/D
                                0.47           2.45 r        -1.98  (VIOLATED)
   cipher_text[80]              0.40           2.38 f        -1.98  (VIOLATED)
   core1/text_AR_d_reg[2][2]/D
                                0.47           2.45 r        -1.98  (VIOLATED)
   core1/text_AR_d_reg[3][0]/D
                                0.47           2.45 r        -1.98  (VIOLATED)
   core1/text_AR_d_reg[7][3]/D
                                0.46           2.45 r        -1.98  (VIOLATED)
   cipher_text[25]              0.40           2.38 r        -1.98  (VIOLATED)
   core1/text_AR_d_reg[10][2]/D
                                0.47           2.45 r        -1.98  (VIOLATED)
   core1/text_AR_d_reg[15][4]/D
                                0.46           2.45 r        -1.98  (VIOLATED)
   core1/text_AR_d_reg[6][3]/D
                                0.48           2.46 f        -1.98  (VIOLATED)
   core1/text_AR_d_reg[10][3]/D
                                0.46           2.44 r        -1.98  (VIOLATED)
   core1/text_AR_d_reg[1][4]/D
                                0.48           2.46 f        -1.98  (VIOLATED)
   core1/text_AR_d_reg[11][4]/D
                                0.46           2.44 r        -1.98  (VIOLATED)
   cipher_text[64]              0.40           2.38 f        -1.98  (VIOLATED)
   core1/text_AR_d_reg[1][1]/D
                                0.48           2.45 f        -1.98  (VIOLATED)
   cipher_text[65]              0.40           2.38 f        -1.98  (VIOLATED)
   core1/text_AR_d_reg[1][5]/D
                                0.47           2.44 r        -1.98  (VIOLATED)
   cipher_text[16]              0.40           2.38 f        -1.98  (VIOLATED)
   core1/text_AR_d_reg[5][3]/D
                                0.46           2.44 r        -1.98  (VIOLATED)
   core1/text_AR_d_reg[1][3]/D
                                0.47           2.44 r        -1.98  (VIOLATED)
   core1/text_AR_d_reg[10][1]/D
                                0.46           2.44 r        -1.98  (VIOLATED)
   core1/text_AR_d_reg[12][7]/D
                                0.46           2.44 r        -1.97  (VIOLATED)
   core1/text_AR_d_reg[13][3]/D
                                0.46           2.44 r        -1.97  (VIOLATED)
   core1/text_AR_d_reg[14][0]/D
                                0.46           2.44 r        -1.97  (VIOLATED)
   core1/text_AR_d_reg[2][7]/D
                                0.47           2.44 r        -1.97  (VIOLATED)
   cipher_text[92]              0.40           2.37 f        -1.97  (VIOLATED)
   cipher_text[30]              0.40           2.37 f        -1.97  (VIOLATED)
   cipher_text[15]              0.40           2.37 f        -1.97  (VIOLATED)
   core1/text_AR_d_reg[9][1]/D
                                0.46           2.43 r        -1.97  (VIOLATED)
   cipher_text[87]              0.40           2.37 f        -1.97  (VIOLATED)
   cipher_text[23]              0.40           2.37 f        -1.97  (VIOLATED)
   core1/text_AR_d_reg[0][1]/D
                                0.46           2.43 r        -1.97  (VIOLATED)
   cipher_text[20]              0.40           2.37 f        -1.97  (VIOLATED)
   core1/text_AR_d_reg[2][3]/D
                                0.46           2.43 r        -1.97  (VIOLATED)
   core1/text_AR_d_reg[11][3]/D
                                0.46           2.43 r        -1.97  (VIOLATED)
   core1/text_AR_d_reg[0][4]/D
                                0.46           2.43 r        -1.97  (VIOLATED)
   cipher_text[103]             0.40           2.37 f        -1.97  (VIOLATED)
   core1/text_AR_d_reg[10][7]/D
                                0.46           2.43 r        -1.96  (VIOLATED)
   cipher_text[12]              0.40           2.36 f        -1.96  (VIOLATED)
   cipher_text[56]              0.40           2.36 f        -1.96  (VIOLATED)
   cipher_text[27]              0.40           2.36 f        -1.96  (VIOLATED)
   core1/text_AR_d_reg[0][3]/D
                                0.46           2.43 r        -1.96  (VIOLATED)
   cipher_text[76]              0.40           2.36 f        -1.96  (VIOLATED)
   core1/text_AR_d_reg[8][1]/D
                                0.46           2.43 r        -1.96  (VIOLATED)
   cipher_text[18]              0.40           2.36 f        -1.96  (VIOLATED)
   core1/text_AR_d_reg[15][1]/D
                                0.46           2.42 r        -1.96  (VIOLATED)
   core1/text_AR_d_reg[0][5]/D
                                0.47           2.43 r        -1.96  (VIOLATED)
   core1/text_AR_d_reg[9][0]/D
                                0.47           2.42 r        -1.96  (VIOLATED)
   core1/text_AR_d_reg[11][6]/D
                                0.47           2.42 r        -1.96  (VIOLATED)
   core1/text_AR_d_reg[7][6]/D
                                0.46           2.42 r        -1.96  (VIOLATED)
   core1/text_AR_d_reg[4][7]/D
                                0.46           2.42 r        -1.96  (VIOLATED)
   core1/text_AR_d_reg[10][5]/D
                                0.47           2.42 r        -1.96  (VIOLATED)
   core1/text_AR_d_reg[3][5]/D
                                0.47           2.42 r        -1.96  (VIOLATED)
   cipher_text[32]              0.40           2.36 f        -1.96  (VIOLATED)
   cipher_text[40]              0.40           2.36 f        -1.96  (VIOLATED)
   cipher_text[66]              0.40           2.36 f        -1.96  (VIOLATED)
   core1/text_AR_d_reg[8][3]/D
                                0.46           2.42 r        -1.96  (VIOLATED)
   core1/text_AR_d_reg[11][1]/D
                                0.46           2.42 r        -1.96  (VIOLATED)
   cipher_text[39]              0.40           2.36 f        -1.96  (VIOLATED)
   core1/text_AR_d_reg[9][4]/D
                                0.48           2.43 f        -1.96  (VIOLATED)
   cipher_text[79]              0.40           2.36 f        -1.96  (VIOLATED)
   cipher_text[94]              0.40           2.36 f        -1.96  (VIOLATED)
   core1/text_AR_d_reg[9][3]/D
                                0.46           2.42 r        -1.96  (VIOLATED)
   core1/text_AR_d_reg[1][2]/D
                                0.47           2.42 r        -1.95  (VIOLATED)
   cipher_text[28]              0.40           2.35 f        -1.95  (VIOLATED)
   cipher_text[72]              0.40           2.35 r        -1.95  (VIOLATED)
   core1/text_AR_d_reg[2][1]/D
                                0.48           2.43 f        -1.95  (VIOLATED)
   cipher_text[37]              0.40           2.35 f        -1.95  (VIOLATED)
   core1/text_AR_d_reg[3][1]/D
                                0.48           2.43 f        -1.95  (VIOLATED)
   core1/text_AR_d_reg[0][7]/D
                                0.47           2.42 r        -1.95  (VIOLATED)
   cipher_text[44]              0.40           2.35 f        -1.95  (VIOLATED)
   cipher_text[96]              0.40           2.35 f        -1.95  (VIOLATED)
   core1/text_AR_d_reg[3][4]/D
                                0.46           2.42 r        -1.95  (VIOLATED)
   core1/text_AR_d_reg[1][0]/D
                                0.47           2.42 r        -1.95  (VIOLATED)
   core1/text_AR_d_reg[14][5]/D
                                0.46           2.41 r        -1.95  (VIOLATED)
   core1/text_AR_d_reg[8][5]/D
                                0.46           2.41 r        -1.95  (VIOLATED)
   core1/text_AR_d_reg[12][2]/D
                                0.46           2.41 r        -1.95  (VIOLATED)
   cipher_text[11]              0.40           2.35 f        -1.95  (VIOLATED)
   cipher_text[106]             0.40           2.35 f        -1.95  (VIOLATED)
   cipher_text[3]               0.40           2.35 f        -1.95  (VIOLATED)
   core1/text_AR_d_reg[0][6]/D
                                0.47           2.41 r        -1.95  (VIOLATED)
   cipher_text[7]               0.40           2.35 f        -1.95  (VIOLATED)
   core1/text_AR_d_reg[4][2]/D
                                0.46           2.41 r        -1.95  (VIOLATED)
   cipher_text[75]              0.40           2.35 f        -1.95  (VIOLATED)
   cipher_text[4]               0.40           2.35 f        -1.95  (VIOLATED)
   core1/text_AR_d_reg[3][3]/D
                                0.46           2.41 r        -1.95  (VIOLATED)
   cipher_text[82]              0.40           2.34 f        -1.94  (VIOLATED)
   core1/text_AR_d_reg[2][4]/D
                                0.46           2.41 r        -1.94  (VIOLATED)
   cipher_text[116]             0.40           2.34 f        -1.94  (VIOLATED)
   core1/text_AR_d_reg[8][4]/D
                                0.48           2.42 f        -1.94  (VIOLATED)
   core1/text_AR_d_reg[7][7]/D
                                0.46           2.41 r        -1.94  (VIOLATED)
   cipher_text[113]             0.40           2.34 f        -1.94  (VIOLATED)
   cipher_text[117]             0.40           2.34 f        -1.94  (VIOLATED)
   core1/text_AR_d_reg[0][0]/D
                                0.46           2.40 r        -1.94  (VIOLATED)
   cipher_text[115]             0.40           2.34 f        -1.94  (VIOLATED)
   cipher_text[42]              0.40           2.34 f        -1.94  (VIOLATED)
   core1/text_AR_d_reg[8][6]/D
                                0.46           2.40 r        -1.94  (VIOLATED)
   cipher_text[67]              0.40           2.34 r        -1.94  (VIOLATED)
   cipher_text[43]              0.40           2.34 f        -1.94  (VIOLATED)
   cipher_text[49]              0.40           2.33 f        -1.93  (VIOLATED)
   cipher_text[36]              0.40           2.33 r        -1.93  (VIOLATED)
   cipher_text[83]              0.40           2.33 f        -1.93  (VIOLATED)
   cipher_text[41]              0.40           2.33 f        -1.93  (VIOLATED)
   cipher_text[31]              0.40           2.33 f        -1.93  (VIOLATED)
   core1/text_AR_d_reg[8][2]/D
                                0.46           2.39 r        -1.93  (VIOLATED)
   core1/text_AR_d_reg[3][2]/D
                                0.46           2.39 r        -1.93  (VIOLATED)
   core1/text_AR_d_reg[9][2]/D
                                0.46           2.39 r        -1.93  (VIOLATED)
   cipher_text[111]             0.40           2.33 r        -1.93  (VIOLATED)
   cipher_text[19]              0.40           2.33 r        -1.93  (VIOLATED)
   cipher_text[8]               0.40           2.33 r        -1.93  (VIOLATED)
   core1/text_AR_d_reg[2][0]/D
                                0.46           2.39 r        -1.93  (VIOLATED)
   core1/text_AR_d_reg[4][3]/D
                                0.46           2.39 r        -1.92  (VIOLATED)
   cipher_text[121]             0.40           2.32 f        -1.92  (VIOLATED)
   core1/text_AR_d_reg[9][6]/D
                                0.46           2.39 r        -1.92  (VIOLATED)
   cipher_text[125]             0.40           2.32 f        -1.92  (VIOLATED)
   cipher_text[38]              0.40           2.32 f        -1.92  (VIOLATED)
   core1/text_AR_d_reg[9][5]/D
                                0.46           2.39 r        -1.92  (VIOLATED)
   cipher_text[35]              0.40           2.32 f        -1.92  (VIOLATED)
   cipher_text[48]              0.40           2.32 f        -1.92  (VIOLATED)
   cipher_text[107]             0.40           2.32 f        -1.92  (VIOLATED)
   cipher_text[124]             0.40           2.32 f        -1.92  (VIOLATED)
   cipher_text[101]             0.40           2.32 f        -1.92  (VIOLATED)
   core1/text_AR_d_reg[1][7]/D
                                0.46           2.38 r        -1.92  (VIOLATED)
   cipher_text[47]              0.40           2.32 f        -1.92  (VIOLATED)
   core1/text_AR_d_reg[0][2]/D
                                0.46           2.38 r        -1.92  (VIOLATED)
   cipher_text[52]              0.40           2.32 f        -1.92  (VIOLATED)
   cipher_text[97]              0.40           2.32 f        -1.92  (VIOLATED)
   core1/text_AR_d_reg[3][6]/D
                                0.48           2.39 f        -1.92  (VIOLATED)
   cipher_text[123]             0.40           2.32 f        -1.92  (VIOLATED)
   core1/text_AR_d_reg[8][7]/D
                                0.46           2.38 r        -1.92  (VIOLATED)
   cipher_text[114]             0.40           2.32 f        -1.92  (VIOLATED)
   cipher_text[70]              0.40           2.32 f        -1.92  (VIOLATED)
   cipher_text[57]              0.40           2.32 f        -1.92  (VIOLATED)
   core1/text_AR_d_reg[10][6]/D
                                0.46           2.38 r        -1.92  (VIOLATED)
   cipher_text[105]             0.40           2.32 f        -1.92  (VIOLATED)
   cipher_text[45]              0.40           2.32 f        -1.92  (VIOLATED)
   cipher_text[1]               0.40           2.32 f        -1.92  (VIOLATED)
   core1/text_AR_d_reg[15][2]/D
                                0.46           2.38 r        -1.91  (VIOLATED)
   core1/text_AR_d_reg[2][5]/D
                                0.48           2.39 f        -1.91  (VIOLATED)
   cipher_text[59]              0.40           2.31 f        -1.91  (VIOLATED)
   core1/text_AR_d_reg[11][2]/D
                                0.46           2.38 r        -1.91  (VIOLATED)
   core1/text_AR_d_reg[1][6]/D
                                0.46           2.38 r        -1.91  (VIOLATED)
   cipher_text[126]             0.40           2.31 f        -1.91  (VIOLATED)
   cipher_text[95]              0.40           2.31 r        -1.91  (VIOLATED)
   core1/text_AR_d_reg[2][6]/D
                                0.46           2.38 r        -1.91  (VIOLATED)
   cipher_text[51]              0.40           2.31 f        -1.91  (VIOLATED)
   cipher_text[61]              0.40           2.31 f        -1.91  (VIOLATED)
   core1/text_AR_d_reg[9][7]/D
                                0.46           2.37 r        -1.91  (VIOLATED)
   cipher_text[33]              0.40           2.31 f        -1.91  (VIOLATED)
   cipher_text[112]             0.40           2.31 f        -1.91  (VIOLATED)
   cipher_text[127]             0.40           2.31 f        -1.91  (VIOLATED)
   cipher_text[13]              0.40           2.31 f        -1.91  (VIOLATED)
   cipher_text[60]              0.40           2.31 f        -1.91  (VIOLATED)
   cipher_text[100]             0.40           2.31 f        -1.91  (VIOLATED)
   cipher_text[108]             0.40           2.31 f        -1.91  (VIOLATED)
   cipher_text[99]              0.40           2.31 f        -1.91  (VIOLATED)
   cipher_text[26]              0.40           2.30 f        -1.90  (VIOLATED)
   cipher_text[90]              0.40           2.30 f        -1.90  (VIOLATED)
   cipher_text[71]              0.40           2.30 f        -1.90  (VIOLATED)
   cipher_text[120]             0.40           2.30 f        -1.90  (VIOLATED)
   cipher_text[62]              0.40           2.29 f        -1.89  (VIOLATED)
   cipher_text[104]             0.40           2.29 f        -1.89  (VIOLATED)
   cipher_text[98]              0.40           2.29 f        -1.89  (VIOLATED)
   cipher_text[91]              0.40           2.28 f        -1.88  (VIOLATED)
   cipher_text[58]              0.40           2.28 f        -1.88  (VIOLATED)
   cipher_text[50]              0.40           2.28 f        -1.88  (VIOLATED)
   cipher_text[102]             0.40           2.28 f        -1.88  (VIOLATED)
   cipher_text[122]             0.40           2.28 f        -1.88  (VIOLATED)
   cipher_text[54]              0.40           2.28 f        -1.88  (VIOLATED)
   cipher_text[53]              0.40           2.28 f        -1.88  (VIOLATED)
   cipher_text[63]              0.40           2.28 f        -1.88  (VIOLATED)
   cipher_text[46]              0.40           2.28 f        -1.88  (VIOLATED)
   cipher_text[109]             0.40           2.28 f        -1.88  (VIOLATED)
   cipher_text[119]             0.40           2.28 f        -1.88  (VIOLATED)
   cipher_text[118]             0.40           2.27 f        -1.87  (VIOLATED)
   cipher_text[110]             0.40           2.27 f        -1.87  (VIOLATED)
   cipher_text[55]              0.40           2.27 f        -1.87  (VIOLATED)
   cipher_text[34]              0.40           2.27 f        -1.87  (VIOLATED)
   cipher_text[2]               0.40           2.27 f        -1.87  (VIOLATED)
   core1/ks1/key_array_reg[12][2]/D
                                0.48           1.34 f        -0.87  (VIOLATED)
   ctrl1/rndNo_reg[2]/D         0.46           1.32 r        -0.86  (VIOLATED)
   ctrl1/rndNo_reg[3]/D         0.46           1.31 r        -0.85  (VIOLATED)
   core1/ks1/key_array_reg[12][3]/D
                                0.46           1.30 r        -0.84  (VIOLATED)
   core1/ks1/key_array_reg[12][5]/D
                                0.46           1.30 r        -0.83  (VIOLATED)
   core1/ks1/key_array_reg[15][2]/D
                                0.46           1.30 r        -0.83  (VIOLATED)
   core1/ks1/key_array_reg[14][2]/D
                                0.46           1.30 r        -0.83  (VIOLATED)
   core1/ks1/key_array_reg[12][4]/D
                                0.46           1.29 r        -0.83  (VIOLATED)
   core1/ks1/key_array_reg[12][6]/D
                                0.46           1.29 r        -0.83  (VIOLATED)
   core1/ks1/key_array_reg[13][2]/D
                                0.46           1.28 r        -0.82  (VIOLATED)
   core1/ks1/key_array_reg[12][1]/D
                                0.46           1.28 r        -0.82  (VIOLATED)
   core1/ks1/key_array_reg[12][7]/D
                                0.47           1.29 f        -0.81  (VIOLATED)
   core1/ks1/key_array_reg[12][0]/D
                                0.46           1.27 r        -0.81  (VIOLATED)
   ctrl1/rndNo_reg[1]/D         0.46           1.27 r        -0.81  (VIOLATED)
   core1/ks1/key_array_reg[8][2]/D
                                0.46           1.26 r        -0.80  (VIOLATED)
   core1/ks1/key_array_reg[15][3]/D
                                0.46           1.25 r        -0.79  (VIOLATED)
   core1/ks1/key_array_reg[13][3]/D
                                0.46           1.25 r        -0.79  (VIOLATED)
   core1/ks1/key_array_reg[14][3]/D
                                0.46           1.25 r        -0.79  (VIOLATED)
   core1/ks1/key_array_reg[15][7]/D
                                0.46           1.24 r        -0.78  (VIOLATED)
   core1/ks1/key_array_reg[15][6]/D
                                0.46           1.24 r        -0.78  (VIOLATED)
   core1/ks1/key_array_reg[13][6]/D
                                0.46           1.24 r        -0.78  (VIOLATED)
   core1/ks1/key_array_reg[13][7]/D
                                0.46           1.24 r        -0.77  (VIOLATED)
   core1/ks1/key_array_reg[14][6]/D
                                0.46           1.23 r        -0.77  (VIOLATED)
   core1/ks1/key_array_reg[15][5]/D
                                0.46           1.23 r        -0.77  (VIOLATED)
   core1/ks1/key_array_reg[13][5]/D
                                0.46           1.23 r        -0.77  (VIOLATED)
   core1/ks1/key_array_reg[13][0]/D
                                0.46           1.23 r        -0.77  (VIOLATED)
   core1/ks1/key_array_reg[15][0]/D
                                0.46           1.23 r        -0.77  (VIOLATED)
   core1/ks1/key_array_reg[14][0]/D
                                0.46           1.23 r        -0.77  (VIOLATED)
   core1/ks1/key_array_reg[14][7]/D
                                0.46           1.23 r        -0.77  (VIOLATED)
   core1/ks1/key_array_reg[15][1]/D
                                0.46           1.23 r        -0.76  (VIOLATED)
   core1/ks1/key_array_reg[13][1]/D
                                0.46           1.23 r        -0.76  (VIOLATED)
   core1/ks1/key_array_reg[14][1]/D
                                0.46           1.23 r        -0.76  (VIOLATED)
   core1/ks1/key_array_reg[13][4]/D
                                0.46           1.23 r        -0.76  (VIOLATED)
   core1/ks1/key_array_reg[14][5]/D
                                0.46           1.22 r        -0.76  (VIOLATED)
   core1/ks1/key_array_reg[15][4]/D
                                0.46           1.22 r        -0.76  (VIOLATED)
   core1/ks1/key_array_reg[14][4]/D
                                0.46           1.22 r        -0.76  (VIOLATED)
   core1/ks1/key_array_reg[8][3]/D
                                0.46           1.22 r        -0.76  (VIOLATED)
   core1/ks1/key_array_reg[8][4]/D
                                0.46           1.21 r        -0.75  (VIOLATED)
   ctrl1/rndNo_reg[0]/D         0.46           1.21 r        -0.75  (VIOLATED)
   core1/ks1/key_array_reg[8][6]/D
                                0.46           1.21 r        -0.74  (VIOLATED)
   core1/ks1/key_array_reg[8][7]/D
                                0.46           1.20 r        -0.74  (VIOLATED)
   core1/ks1/key_array_reg[8][1]/D
                                0.46           1.21 r        -0.74  (VIOLATED)
   core1/ks1/key_array_reg[9][2]/D
                                0.46           1.20 r        -0.74  (VIOLATED)
   core1/ks1/key_array_reg[8][0]/D
                                0.46           1.20 r        -0.74  (VIOLATED)
   core1/ks1/key_array_reg[8][5]/D
                                0.46           1.20 r        -0.73  (VIOLATED)
   core1/ks1/key_array_reg[11][2]/D
                                0.46           1.20 r        -0.73  (VIOLATED)
   core1/ks1/key_array_reg[10][2]/D
                                0.46           1.20 r        -0.73  (VIOLATED)
   core1/ks1/key_array_reg[11][3]/D
                                0.46           1.18 r        -0.71  (VIOLATED)
   core1/ks1/key_array_reg[9][3]/D
                                0.46           1.18 r        -0.71  (VIOLATED)
   core1/ks1/key_array_reg[10][3]/D
                                0.46           1.18 r        -0.71  (VIOLATED)
   core1/ks1/key_array_reg[11][6]/D
                                0.46           1.16 r        -0.70  (VIOLATED)
   core1/ks1/key_array_reg[9][6]/D
                                0.46           1.16 r        -0.70  (VIOLATED)
   core1/ks1/key_array_reg[9][7]/D
                                0.46           1.16 r        -0.70  (VIOLATED)
   core1/ks1/key_array_reg[11][5]/D
                                0.46           1.16 r        -0.69  (VIOLATED)
   core1/ks1/key_array_reg[10][6]/D
                                0.46           1.16 r        -0.69  (VIOLATED)
   core1/ks1/key_array_reg[9][5]/D
                                0.46           1.16 r        -0.69  (VIOLATED)
   core1/ks1/key_array_reg[9][0]/D
                                0.46           1.16 r        -0.69  (VIOLATED)
   core1/ks1/key_array_reg[10][7]/D
                                0.46           1.15 r        -0.69  (VIOLATED)
   core1/ks1/key_array_reg[4][2]/D
                                0.47           1.16 f        -0.69  (VIOLATED)
   core1/ks1/key_array_reg[11][4]/D
                                0.46           1.15 r        -0.68  (VIOLATED)
   core1/ks1/key_array_reg[10][4]/D
                                0.46           1.15 r        -0.68  (VIOLATED)
   core1/ks1/key_array_reg[10][5]/D
                                0.46           1.14 r        -0.68  (VIOLATED)
   core1/ks1/key_array_reg[11][7]/D
                                0.46           1.14 r        -0.68  (VIOLATED)
   core1/ks1/key_array_reg[7][4]/D
                                0.46           1.14 r        -0.68  (VIOLATED)
   core1/ks1/key_array_reg[7][5]/D
                                0.46           1.14 r        -0.68  (VIOLATED)
   core1/ks1/key_array_reg[7][6]/D
                                0.46           1.14 r        -0.68  (VIOLATED)
   core1/ks1/key_array_reg[7][1]/D
                                0.46           1.14 r        -0.68  (VIOLATED)
   core1/ks1/key_array_reg[7][2]/D
                                0.46           1.14 r        -0.68  (VIOLATED)
   core1/ks1/key_array_reg[7][3]/D
                                0.46           1.14 r        -0.68  (VIOLATED)
   core1/ks1/key_array_reg[3][4]/D
                                0.46           1.14 r        -0.68  (VIOLATED)
   core1/ks1/key_array_reg[3][5]/D
                                0.46           1.14 r        -0.68  (VIOLATED)
   core1/ks1/key_array_reg[3][6]/D
                                0.46           1.14 r        -0.68  (VIOLATED)
   core1/ks1/key_array_reg[11][1]/D
                                0.46           1.14 r        -0.68  (VIOLATED)
   core1/ks1/key_array_reg[4][5]/D
                                0.46           1.14 r        -0.68  (VIOLATED)
   core1/ks1/key_array_reg[4][6]/D
                                0.46           1.14 r        -0.68  (VIOLATED)
   core1/ks1/key_array_reg[4][7]/D
                                0.46           1.14 r        -0.68  (VIOLATED)
   core1/ks1/key_array_reg[4][3]/D
                                0.46           1.14 r        -0.68  (VIOLATED)
   core1/ks1/key_array_reg[4][4]/D
                                0.46           1.14 r        -0.68  (VIOLATED)
   core1/ks1/key_array_reg[7][0]/D
                                0.46           1.14 r        -0.68  (VIOLATED)
   core1/ks1/key_array_reg[4][0]/D
                                0.46           1.14 r        -0.67  (VIOLATED)
   core1/ks1/key_array_reg[11][0]/D
                                0.46           1.14 r        -0.67  (VIOLATED)
   core1/ks1/key_array_reg[4][1]/D
                                0.46           1.14 r        -0.67  (VIOLATED)
   core1/ks1/key_array_reg[6][4]/D
                                0.46           1.14 r        -0.67  (VIOLATED)
   core1/ks1/key_array_reg[6][6]/D
                                0.46           1.14 r        -0.67  (VIOLATED)
   core1/ks1/key_array_reg[6][7]/D
                                0.46           1.14 r        -0.67  (VIOLATED)
   core1/ks1/key_array_reg[9][4]/D
                                0.46           1.14 r        -0.67  (VIOLATED)
   core1/ks1/key_array_reg[10][0]/D
                                0.46           1.14 r        -0.67  (VIOLATED)
   core1/ks1/key_array_reg[10][1]/D
                                0.46           1.14 r        -0.67  (VIOLATED)
   core1/ks1/key_array_reg[6][5]/D
                                0.46           1.14 r        -0.67  (VIOLATED)
   core1/ks1/key_array_reg[7][7]/D
                                0.46           1.14 r        -0.67  (VIOLATED)
   core1/ks1/key_array_reg[3][7]/D
                                0.46           1.14 r        -0.67  (VIOLATED)
   core1/ks1/key_array_reg[9][1]/D
                                0.46           1.14 r        -0.67  (VIOLATED)
   core1/ks1/key_array_reg[3][1]/D
                                0.46           1.12 r        -0.66  (VIOLATED)
   core1/ks1/key_array_reg[3][2]/D
                                0.46           1.12 r        -0.66  (VIOLATED)
   core1/ks1/key_array_reg[3][3]/D
                                0.46           1.12 r        -0.66  (VIOLATED)
   core1/ks1/key_array_reg[3][0]/D
                                0.46           1.12 r        -0.66  (VIOLATED)
   core1/ks1/key_array_reg[5][2]/D
                                0.46           1.12 r        -0.66  (VIOLATED)
   core1/ks1/key_array_reg[2][2]/D
                                0.46           1.12 r        -0.66  (VIOLATED)
   core1/ks1/key_array_reg[5][0]/D
                                0.46           1.12 r        -0.66  (VIOLATED)
   core1/ks1/key_array_reg[5][5]/D
                                0.46           1.12 r        -0.66  (VIOLATED)
   core1/ks1/key_array_reg[5][6]/D
                                0.46           1.12 r        -0.66  (VIOLATED)
   core1/ks1/key_array_reg[5][7]/D
                                0.46           1.12 r        -0.66  (VIOLATED)
   core1/ks1/key_array_reg[5][3]/D
                                0.46           1.12 r        -0.66  (VIOLATED)
   core1/ks1/key_array_reg[6][3]/D
                                0.46           1.12 r        -0.66  (VIOLATED)
   core1/ks1/key_array_reg[2][3]/D
                                0.46           1.12 r        -0.66  (VIOLATED)
   core1/ks1/key_array_reg[6][0]/D
                                0.46           1.12 r        -0.66  (VIOLATED)
   core1/ks1/key_array_reg[5][1]/D
                                0.46           1.12 r        -0.66  (VIOLATED)
   core1/ks1/key_array_reg[5][4]/D
                                0.46           1.12 r        -0.66  (VIOLATED)
   core1/ks1/key_array_reg[6][1]/D
                                0.46           1.12 r        -0.66  (VIOLATED)
   core1/ks1/key_array_reg[2][0]/D
                                0.46           1.12 r        -0.66  (VIOLATED)
   core1/ks1/key_array_reg[6][2]/D
                                0.46           1.12 r        -0.66  (VIOLATED)
   core1/ks1/key_array_reg[2][1]/D
                                0.46           1.12 r        -0.66  (VIOLATED)
   core1/ks1/key_array_reg[2][4]/D
                                0.46           1.12 r        -0.66  (VIOLATED)
   core1/ks1/key_array_reg[2][6]/D
                                0.46           1.12 r        -0.66  (VIOLATED)
   core1/ks1/key_array_reg[2][7]/D
                                0.46           1.12 r        -0.66  (VIOLATED)
   core1/ks1/key_array_reg[2][5]/D
                                0.46           1.12 r        -0.66  (VIOLATED)
   completed_round[0]           0.40           1.06 r        -0.66  (VIOLATED)
   completed_round[9]           0.40           1.01 r        -0.61  (VIOLATED)
   core1/ks1/key_array_reg[0][2]/D
                                0.46           1.07 r        -0.61  (VIOLATED)
   completed_round[1]           0.40           1.01 r        -0.61  (VIOLATED)
   completed_round[8]           0.40           1.01 r        -0.61  (VIOLATED)
   core1/ks1/key_array_reg[0][4]/D
                                0.46           1.05 r        -0.59  (VIOLATED)
   core1/ks1/key_array_reg[0][0]/D
                                0.46           1.05 r        -0.59  (VIOLATED)
   core1/ks1/key_array_reg[1][4]/D
                                0.46           1.05 r        -0.59  (VIOLATED)
   done                         0.40           0.97 r        -0.57  (VIOLATED)
   core1/ks1/key_array_reg[0][3]/D
                                0.46           1.03 r        -0.57  (VIOLATED)
   completed_round[2]           0.40           0.97 r        -0.57  (VIOLATED)
   completed_round[3]           0.40           0.97 r        -0.57  (VIOLATED)
   core1/ks1/key_array_reg[0][6]/D
                                0.46           1.02 r        -0.56  (VIOLATED)
   core1/ks1/key_array_reg[0][7]/D
                                0.46           1.02 r        -0.55  (VIOLATED)
   core1/ks1/key_array_reg[0][5]/D
                                0.46           1.01 r        -0.55  (VIOLATED)
   core1/ks1/key_array_reg[1][2]/D
                                0.46           1.01 r        -0.55  (VIOLATED)
   core1/ks1/key_array_reg[0][1]/D
                                0.46           1.01 r        -0.55  (VIOLATED)
   completed_round[6]           0.40           0.93 f        -0.53  (VIOLATED)
   completed_round[4]           0.40           0.93 f        -0.53  (VIOLATED)
   core1/ks1/key_array_reg[1][3]/D
                                0.46           0.97 r        -0.51  (VIOLATED)
   core1/ks1/key_array_reg[1][6]/D
                                0.46           0.96 r        -0.50  (VIOLATED)
   core1/ks1/key_array_reg[1][5]/D
                                0.46           0.95 r        -0.48  (VIOLATED)
   core1/ks1/key_array_reg[1][0]/D
                                0.46           0.95 r        -0.48  (VIOLATED)
   core1/ks1/key_array_reg[1][7]/D
                                0.48           0.95 f        -0.48  (VIOLATED)
   core1/ks1/key_array_reg[1][1]/D
                                0.46           0.94 r        -0.48  (VIOLATED)
   completed_round[7]           0.40           0.87 f        -0.47  (VIOLATED)
   completed_round[5]           0.40           0.87 f        -0.47  (VIOLATED)


   min_delay/hold ('clk' group)

                             Required        Actual
   Endpoint                 Path Delay     Path Delay        Slack
   -----------------------------------------------------------------
   core1/text_AR_d_reg[14][2]/D
                               -0.01        -950.20 f      -950.19  (VIOLATED)
   core1/text_AR_d_reg[6][0]/D
                               -0.01        -950.19 f      -950.18  (VIOLATED)
   core1/text_AR_d_reg[6][2]/D
                               -0.01        -950.14 f      -950.13  (VIOLATED)
   core1/text_AR_d_reg[14][5]/D
                               -0.01        -950.13 f      -950.12  (VIOLATED)
   core1/text_AR_d_reg[6][1]/D
                               -0.01        -950.11 f      -950.10  (VIOLATED)
   core1/text_AR_d_reg[5][2]/D
                               -0.01        -950.11 f      -950.10  (VIOLATED)
   core1/text_AR_d_reg[6][3]/D
                               -0.01        -950.10 f      -950.09  (VIOLATED)
   core1/text_AR_d_reg[14][3]/D
                               -0.01        -950.10 f      -950.09  (VIOLATED)
   core1/text_AR_d_reg[12][2]/D
                               -0.01        -950.10 f      -950.09  (VIOLATED)
   core1/text_AR_d_reg[13][2]/D
                               -0.01        -950.10 f      -950.09  (VIOLATED)
   core1/text_AR_d_reg[14][0]/D
                               -0.01        -950.08 f      -950.07  (VIOLATED)
   core1/text_AR_d_reg[5][3]/D
                               -0.01        -950.07 f      -950.06  (VIOLATED)
   core1/text_AR_d_reg[13][3]/D
                               -0.01        -950.06 f      -950.05  (VIOLATED)
   core1/text_AR_d_reg[4][2]/D
                               -0.01        -950.06 f      -950.05  (VIOLATED)
   core1/text_AR_d_reg[15][2]/D
                               -0.01        -950.05 f      -950.04  (VIOLATED)
   core1/text_AR_d_reg[15][1]/D
                               -0.01        -950.03 f      -950.02  (VIOLATED)
   core1/text_AR_d_reg[13][5]/D
                               -0.01        -950.01 f      -950.00  (VIOLATED)
   core1/text_AR_d_reg[7][2]/D
                               -0.01        -950.01 f      -950.00  (VIOLATED)
   core1/text_AR_d_reg[5][0]/D
                               -0.01        -949.99 f      -949.98  (VIOLATED)
   core1/text_AR_d_reg[4][5]/D
                               -0.01        -949.99 f      -949.98  (VIOLATED)
   core1/text_AR_d_reg[7][0]/D
                               -0.01        -949.98 f      -949.98  (VIOLATED)
   core1/text_AR_d_reg[4][0]/D
                               -0.01        -949.98 f      -949.98  (VIOLATED)
   core1/text_AR_d_reg[7][1]/D
                               -0.01        -949.97 f      -949.97  (VIOLATED)
   core1/text_AR_d_reg[4][1]/D
                               -0.01        -949.97 f      -949.96  (VIOLATED)
   core1/text_AR_d_reg[6][6]/D
                               -0.01        -949.97 f      -949.96  (VIOLATED)
   core1/text_AR_d_reg[5][1]/D
                               -0.01        -949.97 f      -949.96  (VIOLATED)
   core1/text_AR_d_reg[13][6]/D
                               -0.01        -949.97 f      -949.96  (VIOLATED)
   core1/text_AR_d_reg[15][5]/D
                               -0.01        -949.96 f      -949.96  (VIOLATED)
   core1/text_AR_d_reg[12][1]/D
                               -0.01        -949.97 f      -949.96  (VIOLATED)
   core1/text_AR_d_reg[12][5]/D
                               -0.01        -949.96 f      -949.95  (VIOLATED)
   core1/text_AR_d_reg[5][5]/D
                               -0.01        -949.96 f      -949.95  (VIOLATED)
   core1/text_AR_d_reg[14][6]/D
                               -0.01        -949.96 f      -949.95  (VIOLATED)
   core1/text_AR_d_reg[5][6]/D
                               -0.01        -949.95 f      -949.95  (VIOLATED)
   core1/text_AR_d_reg[13][1]/D
                               -0.01        -949.95 f      -949.94  (VIOLATED)
   core1/text_AR_d_reg[6][5]/D
                               -0.01        -949.94 f      -949.93  (VIOLATED)
   core1/text_AR_d_reg[7][5]/D
                               -0.01        -949.93 f      -949.92  (VIOLATED)
   core1/text_AR_d_reg[12][0]/D
                               -0.01        -949.89 f      -949.88  (VIOLATED)
   core1/text_AR_d_reg[15][0]/D
                               -0.01        -949.87 f      -949.87  (VIOLATED)
   core1/text_AR_d_reg[14][1]/D
                               -0.01        -949.87 f      -949.86  (VIOLATED)
   core1/text_AR_d_reg[13][0]/D
                               -0.01        -949.85 f      -949.84  (VIOLATED)
   core1/text_AR_d_reg[4][3]/D
                               -0.01         -55.49 f       -55.48  (VIOLATED)
   core1/text_AR_d_reg[14][4]/D
                               -0.01         -55.48 f       -55.47  (VIOLATED)
   core1/text_AR_d_reg[5][4]/D
                               -0.01         -55.46 f       -55.45  (VIOLATED)
   core1/text_AR_d_reg[6][4]/D
                               -0.01         -55.45 f       -55.44  (VIOLATED)
   core1/text_AR_d_reg[7][3]/D
                               -0.01         -55.41 f       -55.40  (VIOLATED)
   core1/text_AR_d_reg[4][6]/D
                               -0.01         -55.41 f       -55.40  (VIOLATED)
   core1/text_AR_d_reg[6][7]/D
                               -0.01         -55.41 f       -55.40  (VIOLATED)
   core1/text_AR_d_reg[7][6]/D
                               -0.01         -55.41 f       -55.40  (VIOLATED)
   core1/text_AR_d_reg[13][4]/D
                               -0.01         -55.40 f       -55.39  (VIOLATED)
   core1/text_AR_d_reg[15][3]/D
                               -0.01         -55.39 f       -55.38  (VIOLATED)
   core1/text_AR_d_reg[12][3]/D
                               -0.01         -55.39 f       -55.38  (VIOLATED)
   core1/text_AR_d_reg[13][7]/D
                               -0.01         -55.38 f       -55.38  (VIOLATED)
   core1/text_AR_d_reg[12][6]/D
                               -0.01         -55.38 f       -55.37  (VIOLATED)
   core1/text_AR_d_reg[14][7]/D
                               -0.01         -55.38 f       -55.37  (VIOLATED)
   core1/text_AR_d_reg[5][7]/D
                               -0.01         -55.36 f       -55.36  (VIOLATED)
   core1/text_AR_d_reg[15][6]/D
                               -0.01         -55.33 f       -55.32  (VIOLATED)
   core1/text_AR_d_reg[4][7]/D
                               -0.01         -18.89 f       -18.88  (VIOLATED)
   core1/text_AR_d_reg[12][7]/D
                               -0.01         -18.87 f       -18.86  (VIOLATED)
   core1/text_AR_d_reg[15][7]/D
                               -0.01         -18.82 f       -18.81  (VIOLATED)
   core1/text_AR_d_reg[7][7]/D
                               -0.01         -18.81 f       -18.80  (VIOLATED)


1
