 
****************************************
Report : constraint
        -all_violators
Design : AES_top
Version: J-2014.09-SP2
Date   : Sat Apr 11 17:03:10 2020
****************************************


   max_delay/setup ('clk' group)

                             Required        Actual
   Endpoint                 Path Delay     Path Delay        Slack
   -----------------------------------------------------------------
   cipher_text[103]             1.90           3.43 f        -1.53  (VIOLATED)
   cipher_text[60]              1.90           3.43 f        -1.53  (VIOLATED)
   cipher_text[75]              1.90           3.43 f        -1.53  (VIOLATED)
   cipher_text[74]              1.90           3.43 f        -1.53  (VIOLATED)
   cipher_text[37]              1.90           3.43 f        -1.53  (VIOLATED)
   cipher_text[23]              1.90           3.43 f        -1.53  (VIOLATED)
   cipher_text[45]              1.90           3.43 f        -1.53  (VIOLATED)
   cipher_text[35]              1.90           3.43 f        -1.53  (VIOLATED)
   cipher_text[73]              1.90           3.43 f        -1.53  (VIOLATED)
   cipher_text[96]              1.90           3.43 f        -1.53  (VIOLATED)
   cipher_text[39]              1.90           3.43 f        -1.53  (VIOLATED)
   cipher_text[68]              1.90           3.43 f        -1.53  (VIOLATED)
   cipher_text[72]              1.90           3.43 r        -1.53  (VIOLATED)
   cipher_text[117]             1.90           3.43 f        -1.53  (VIOLATED)
   cipher_text[76]              1.90           3.43 f        -1.53  (VIOLATED)
   cipher_text[67]              1.90           3.43 f        -1.53  (VIOLATED)
   cipher_text[113]             1.90           3.43 f        -1.53  (VIOLATED)
   cipher_text[79]              1.90           3.43 f        -1.53  (VIOLATED)
   cipher_text[32]              1.90           3.43 f        -1.53  (VIOLATED)
   cipher_text[65]              1.90           3.43 f        -1.53  (VIOLATED)
   cipher_text[69]              1.90           3.43 f        -1.53  (VIOLATED)
   cipher_text[6]               1.90           3.43 f        -1.53  (VIOLATED)
   cipher_text[22]              1.90           3.43 f        -1.53  (VIOLATED)
   cipher_text[36]              1.90           3.42 f        -1.52  (VIOLATED)
   cipher_text[56]              1.90           3.42 f        -1.52  (VIOLATED)
   cipher_text[48]              1.90           3.42 f        -1.52  (VIOLATED)
   cipher_text[85]              1.90           3.42 f        -1.52  (VIOLATED)
   cipher_text[83]              1.90           3.42 f        -1.52  (VIOLATED)
   cipher_text[89]              1.90           3.42 f        -1.52  (VIOLATED)
   cipher_text[0]               1.90           3.42 f        -1.52  (VIOLATED)
   cipher_text[104]             1.90           3.42 f        -1.52  (VIOLATED)
   cipher_text[66]              1.90           3.42 f        -1.52  (VIOLATED)
   cipher_text[3]               1.90           3.42 f        -1.52  (VIOLATED)
   cipher_text[115]             1.90           3.42 f        -1.52  (VIOLATED)
   cipher_text[91]              1.90           3.42 f        -1.52  (VIOLATED)
   cipher_text[51]              1.90           3.42 f        -1.52  (VIOLATED)
   cipher_text[112]             1.90           3.42 f        -1.52  (VIOLATED)
   cipher_text[5]               1.90           3.42 f        -1.52  (VIOLATED)
   cipher_text[111]             1.90           3.42 r        -1.52  (VIOLATED)
   cipher_text[101]             1.90           3.42 f        -1.52  (VIOLATED)
   cipher_text[114]             1.90           3.42 f        -1.52  (VIOLATED)
   cipher_text[57]              1.90           3.42 f        -1.52  (VIOLATED)
   cipher_text[41]              1.90           3.42 f        -1.52  (VIOLATED)
   cipher_text[92]              1.90           3.42 f        -1.52  (VIOLATED)
   cipher_text[71]              1.90           3.42 f        -1.52  (VIOLATED)
   cipher_text[13]              1.90           3.42 f        -1.52  (VIOLATED)
   cipher_text[106]             1.90           3.41 f        -1.51  (VIOLATED)
   cipher_text[40]              1.90           3.41 f        -1.51  (VIOLATED)
   cipher_text[123]             1.90           3.41 f        -1.51  (VIOLATED)
   cipher_text[52]              1.90           3.41 f        -1.51  (VIOLATED)
   cipher_text[25]              1.90           3.41 f        -1.51  (VIOLATED)
   cipher_text[116]             1.90           3.41 f        -1.51  (VIOLATED)
   cipher_text[42]              1.90           3.41 f        -1.51  (VIOLATED)
   cipher_text[86]              1.90           3.41 f        -1.51  (VIOLATED)
   cipher_text[109]             1.90           3.41 f        -1.51  (VIOLATED)
   cipher_text[4]               1.90           3.41 f        -1.51  (VIOLATED)
   cipher_text[11]              1.90           3.41 f        -1.51  (VIOLATED)
   cipher_text[121]             1.90           3.41 r        -1.51  (VIOLATED)
   cipher_text[88]              1.90           3.41 f        -1.51  (VIOLATED)
   cipher_text[118]             1.90           3.41 f        -1.51  (VIOLATED)
   cipher_text[126]             1.90           3.41 f        -1.51  (VIOLATED)
   cipher_text[78]              1.90           3.40 f        -1.50  (VIOLATED)
   cipher_text[87]              1.90           3.40 f        -1.50  (VIOLATED)
   cipher_text[97]              1.90           3.40 f        -1.50  (VIOLATED)
   cipher_text[84]              1.90           3.40 f        -1.50  (VIOLATED)
   cipher_text[63]              1.90           3.40 f        -1.50  (VIOLATED)
   cipher_text[17]              1.90           3.40 f        -1.50  (VIOLATED)
   cipher_text[98]              1.90           3.40 f        -1.50  (VIOLATED)
   cipher_text[77]              1.90           3.40 f        -1.50  (VIOLATED)
   cipher_text[62]              1.90           3.40 f        -1.50  (VIOLATED)
   cipher_text[127]             1.90           3.40 f        -1.50  (VIOLATED)
   cipher_text[44]              1.90           3.40 f        -1.50  (VIOLATED)
   cipher_text[81]              1.90           3.40 r        -1.50  (VIOLATED)
   cipher_text[107]             1.90           3.40 f        -1.50  (VIOLATED)
   cipher_text[49]              1.90           3.40 f        -1.50  (VIOLATED)
   cipher_text[19]              1.90           3.40 f        -1.50  (VIOLATED)
   cipher_text[1]               1.90           3.40 f        -1.50  (VIOLATED)
   cipher_text[20]              1.90           3.40 f        -1.50  (VIOLATED)
   cipher_text[102]             1.90           3.40 f        -1.50  (VIOLATED)
   cipher_text[33]              1.90           3.40 f        -1.50  (VIOLATED)
   cipher_text[38]              1.90           3.40 f        -1.50  (VIOLATED)
   cipher_text[64]              1.90           3.40 r        -1.50  (VIOLATED)
   cipher_text[28]              1.90           3.40 f        -1.50  (VIOLATED)
   cipher_text[43]              1.90           3.39 f        -1.49  (VIOLATED)
   cipher_text[61]              1.90           3.39 f        -1.49  (VIOLATED)
   cipher_text[26]              1.90           3.39 r        -1.49  (VIOLATED)
   cipher_text[80]              1.90           3.39 f        -1.49  (VIOLATED)
   cipher_text[110]             1.90           3.39 f        -1.49  (VIOLATED)
   cipher_text[47]              1.90           3.39 f        -1.49  (VIOLATED)
   cipher_text[99]              1.90           3.39 f        -1.49  (VIOLATED)
   cipher_text[94]              1.90           3.39 f        -1.49  (VIOLATED)
   cipher_text[119]             1.90           3.39 f        -1.49  (VIOLATED)
   cipher_text[18]              1.90           3.39 f        -1.49  (VIOLATED)
   cipher_text[9]               1.90           3.39 f        -1.49  (VIOLATED)
   cipher_text[59]              1.90           3.39 f        -1.49  (VIOLATED)
   cipher_text[100]             1.90           3.38 r        -1.48  (VIOLATED)
   cipher_text[58]              1.90           3.38 f        -1.48  (VIOLATED)
   cipher_text[120]             1.90           3.38 r        -1.48  (VIOLATED)
   cipher_text[27]              1.90           3.38 f        -1.48  (VIOLATED)
   cipher_text[108]             1.90           3.38 f        -1.48  (VIOLATED)
   cipher_text[8]               1.90           3.38 r        -1.48  (VIOLATED)
   cipher_text[7]               1.90           3.38 f        -1.48  (VIOLATED)
   cipher_text[93]              1.90           3.38 f        -1.48  (VIOLATED)
   cipher_text[125]             1.90           3.38 f        -1.48  (VIOLATED)
   cipher_text[122]             1.90           3.38 f        -1.48  (VIOLATED)
   cipher_text[10]              1.90           3.38 f        -1.48  (VIOLATED)
   cipher_text[124]             1.90           3.38 f        -1.48  (VIOLATED)
   cipher_text[12]              1.90           3.37 f        -1.47  (VIOLATED)
   cipher_text[46]              1.90           3.37 f        -1.47  (VIOLATED)
   cipher_text[24]              1.90           3.37 f        -1.47  (VIOLATED)
   cipher_text[2]               1.90           3.37 r        -1.47  (VIOLATED)
   cipher_text[15]              1.90           3.37 f        -1.47  (VIOLATED)
   cipher_text[82]              1.90           3.37 r        -1.47  (VIOLATED)
   cipher_text[95]              1.90           3.37 f        -1.47  (VIOLATED)
   cipher_text[55]              1.90           3.37 f        -1.47  (VIOLATED)
   cipher_text[29]              1.90           3.37 r        -1.47  (VIOLATED)
   cipher_text[90]              1.90           3.37 f        -1.47  (VIOLATED)
   cipher_text[30]              1.90           3.37 f        -1.47  (VIOLATED)
   cipher_text[105]             1.90           3.37 f        -1.47  (VIOLATED)
   cipher_text[14]              1.90           3.36 r        -1.46  (VIOLATED)
   cipher_text[54]              1.90           3.36 r        -1.46  (VIOLATED)
   cipher_text[21]              1.90           3.36 f        -1.46  (VIOLATED)
   cipher_text[31]              1.90           3.36 f        -1.46  (VIOLATED)
   cipher_text[50]              1.90           3.36 r        -1.46  (VIOLATED)
   cipher_text[53]              1.90           3.36 f        -1.46  (VIOLATED)
   cipher_text[34]              1.90           3.36 f        -1.46  (VIOLATED)
   cipher_text[70]              1.90           3.35 f        -1.45  (VIOLATED)
   cipher_text[16]              1.90           3.34 f        -1.44  (VIOLATED)
   core1/text_AR_d_reg[1][5]/D
                                1.97           2.84 f        -0.87  (VIOLATED)
   core1/text_AR_d_reg[3][7]/D
                                1.98           2.83 f        -0.85  (VIOLATED)
   core1/text_AR_d_reg[11][7]/D
                                1.98           2.83 f        -0.85  (VIOLATED)
   core1/text_AR_d_reg[14][5]/D
                                1.98           2.83 f        -0.85  (VIOLATED)
   core1/text_AR_d_reg[4][0]/D
                                1.98           2.81 f        -0.83  (VIOLATED)
   core1/text_AR_d_reg[0][7]/D
                                1.98           2.80 f        -0.82  (VIOLATED)
   core1/text_AR_d_reg[8][4]/D
                                1.97           2.71 r        -0.74  (VIOLATED)
   core1/text_AR_d_reg[3][0]/D
                                1.97           2.71 r        -0.74  (VIOLATED)
   core1/text_AR_d_reg[9][0]/D
                                1.97           2.69 r        -0.73  (VIOLATED)
   core1/text_AR_d_reg[13][6]/D
                                1.97           2.69 r        -0.73  (VIOLATED)
   core1/text_AR_d_reg[7][7]/D
                                1.98           2.71 f        -0.72  (VIOLATED)
   core1/text_AR_d_reg[8][1]/D
                                1.97           2.69 r        -0.72  (VIOLATED)
   core1/text_AR_d_reg[11][4]/D
                                1.97           2.68 r        -0.72  (VIOLATED)
   core1/text_AR_d_reg[10][4]/D
                                1.97           2.68 r        -0.71  (VIOLATED)
   core1/text_AR_d_reg[12][1]/D
                                1.98           2.69 f        -0.71  (VIOLATED)
   core1/text_AR_d_reg[13][4]/D
                                1.97           2.67 r        -0.70  (VIOLATED)
   core1/text_AR_d_reg[0][6]/D
                                1.97           2.66 r        -0.70  (VIOLATED)
   core1/text_AR_d_reg[8][2]/D
                                1.97           2.66 r        -0.69  (VIOLATED)
   core1/text_AR_d_reg[0][5]/D
                                1.97           2.65 r        -0.68  (VIOLATED)
   core1/text_AR_d_reg[14][1]/D
                                1.97           2.65 r        -0.68  (VIOLATED)
   core1/text_AR_d_reg[10][6]/D
                                1.97           2.64 r        -0.67  (VIOLATED)
   core1/text_AR_d_reg[9][5]/D
                                1.97           2.58 r        -0.61  (VIOLATED)
   core1/text_AR_d_reg[7][3]/D
                                1.96           2.47 r        -0.50  (VIOLATED)
   core1/text_AR_d_reg[13][7]/D
                                1.97           2.47 f        -0.50  (VIOLATED)
   core1/text_AR_d_reg[11][3]/D
                                1.97           2.47 f        -0.50  (VIOLATED)
   core1/text_AR_d_reg[6][2]/D
                                1.97           2.47 f        -0.50  (VIOLATED)
   core1/text_AR_d_reg[6][4]/D
                                1.97           2.47 f        -0.50  (VIOLATED)
   core1/text_AR_d_reg[6][0]/D
                                1.96           2.47 r        -0.50  (VIOLATED)
   core1/text_AR_d_reg[11][0]/D
                                1.97           2.47 f        -0.50  (VIOLATED)
   core1/text_AR_d_reg[6][3]/D
                                1.96           2.46 r        -0.50  (VIOLATED)
   core1/text_AR_d_reg[15][6]/D
                                1.97           2.47 f        -0.50  (VIOLATED)
   core1/text_AR_d_reg[6][1]/D
                                1.96           2.46 r        -0.50  (VIOLATED)
   core1/text_AR_d_reg[1][3]/D
                                1.96           2.46 r        -0.50  (VIOLATED)
   core1/text_AR_d_reg[6][7]/D
                                1.96           2.46 r        -0.50  (VIOLATED)
   core1/text_AR_d_reg[15][0]/D
                                1.97           2.47 f        -0.50  (VIOLATED)
   core1/text_AR_d_reg[9][3]/D
                                1.96           2.46 r        -0.50  (VIOLATED)
   core1/text_AR_d_reg[7][2]/D
                                1.96           2.46 r        -0.50  (VIOLATED)
   core1/text_AR_d_reg[10][5]/D
                                1.96           2.46 r        -0.50  (VIOLATED)
   core1/text_AR_d_reg[4][3]/D
                                1.97           2.47 f        -0.50  (VIOLATED)
   core1/text_AR_d_reg[15][3]/D
                                1.97           2.47 f        -0.50  (VIOLATED)
   core1/text_AR_d_reg[1][1]/D
                                1.96           2.46 r        -0.49  (VIOLATED)
   core1/text_AR_d_reg[2][7]/D
                                1.96           2.46 r        -0.49  (VIOLATED)
   core1/text_AR_d_reg[5][3]/D
                                1.96           2.46 r        -0.49  (VIOLATED)
   core1/text_AR_d_reg[11][5]/D
                                1.96           2.46 r        -0.49  (VIOLATED)
   core1/text_AR_d_reg[2][2]/D
                                1.96           2.45 r        -0.49  (VIOLATED)
   core1/text_AR_d_reg[7][5]/D
                                1.96           2.46 r        -0.49  (VIOLATED)
   core1/text_AR_d_reg[10][1]/D
                                1.96           2.46 r        -0.49  (VIOLATED)
   core1/text_AR_d_reg[4][1]/D
                                1.98           2.47 f        -0.49  (VIOLATED)
   core1/text_AR_d_reg[7][4]/D
                                1.96           2.45 r        -0.49  (VIOLATED)
   core1/text_AR_d_reg[8][0]/D
                                1.96           2.45 r        -0.49  (VIOLATED)
   core1/text_AR_d_reg[7][1]/D
                                1.96           2.45 r        -0.49  (VIOLATED)
   core1/text_AR_d_reg[0][3]/D
                                1.96           2.45 r        -0.49  (VIOLATED)
   core1/text_AR_d_reg[2][0]/D
                                1.96           2.45 r        -0.49  (VIOLATED)
   core1/text_AR_d_reg[10][2]/D
                                1.96           2.45 r        -0.49  (VIOLATED)
   core1/text_AR_d_reg[5][5]/D
                                1.96           2.45 r        -0.49  (VIOLATED)
   core1/text_AR_d_reg[1][2]/D
                                1.96           2.45 r        -0.49  (VIOLATED)
   core1/text_AR_d_reg[0][1]/D
                                1.96           2.45 r        -0.49  (VIOLATED)
   core1/text_AR_d_reg[15][5]/D
                                1.96           2.45 r        -0.49  (VIOLATED)
   core1/text_AR_d_reg[4][4]/D
                                1.96           2.45 r        -0.48  (VIOLATED)
   core1/text_AR_d_reg[1][0]/D
                                1.96           2.45 r        -0.48  (VIOLATED)
   core1/text_AR_d_reg[5][6]/D
                                1.97           2.45 f        -0.48  (VIOLATED)
   core1/text_AR_d_reg[1][4]/D
                                1.96           2.44 r        -0.48  (VIOLATED)
   core1/text_AR_d_reg[10][0]/D
                                1.96           2.45 r        -0.48  (VIOLATED)
   core1/text_AR_d_reg[6][5]/D
                                1.96           2.44 r        -0.48  (VIOLATED)
   core1/text_AR_d_reg[3][5]/D
                                1.98           2.46 f        -0.48  (VIOLATED)
   core1/text_AR_d_reg[2][5]/D
                                1.96           2.44 r        -0.48  (VIOLATED)
   core1/text_AR_d_reg[9][4]/D
                                1.96           2.44 r        -0.48  (VIOLATED)
   core1/text_AR_d_reg[8][6]/D
                                1.96           2.44 r        -0.48  (VIOLATED)
   core1/text_AR_d_reg[5][7]/D
                                1.97           2.45 f        -0.48  (VIOLATED)
   core1/text_AR_d_reg[13][1]/D
                                1.96           2.44 r        -0.48  (VIOLATED)
   core1/text_AR_d_reg[14][3]/D
                                1.96           2.44 r        -0.48  (VIOLATED)
   core1/text_AR_d_reg[8][7]/D
                                1.97           2.45 f        -0.48  (VIOLATED)
   core1/text_AR_d_reg[3][2]/D
                                1.97           2.45 f        -0.48  (VIOLATED)
   core1/text_AR_d_reg[15][4]/D
                                1.96           2.44 r        -0.48  (VIOLATED)
   core1/text_AR_d_reg[11][1]/D
                                1.96           2.44 r        -0.48  (VIOLATED)
   core1/text_AR_d_reg[6][6]/D
                                1.96           2.44 r        -0.48  (VIOLATED)
   core1/text_AR_d_reg[3][6]/D
                                1.96           2.44 r        -0.47  (VIOLATED)
   core1/text_AR_d_reg[5][1]/D
                                1.96           2.44 r        -0.47  (VIOLATED)
   core1/text_AR_d_reg[3][1]/D
                                1.96           2.44 r        -0.47  (VIOLATED)
   core1/text_AR_d_reg[15][1]/D
                                1.96           2.44 r        -0.47  (VIOLATED)
   core1/text_AR_d_reg[7][0]/D
                                1.96           2.44 r        -0.47  (VIOLATED)
   core1/text_AR_d_reg[2][3]/D
                                1.96           2.43 r        -0.47  (VIOLATED)
   core1/text_AR_d_reg[13][3]/D
                                1.96           2.43 r        -0.47  (VIOLATED)
   core1/text_AR_d_reg[5][4]/D
                                1.97           2.44 f        -0.47  (VIOLATED)
   core1/text_AR_d_reg[1][6]/D
                                1.96           2.43 r        -0.47  (VIOLATED)
   core1/text_AR_d_reg[12][2]/D
                                1.96           2.43 r        -0.47  (VIOLATED)
   core1/text_AR_d_reg[9][1]/D
                                1.97           2.44 f        -0.47  (VIOLATED)
   core1/text_AR_d_reg[11][6]/D
                                1.96           2.43 r        -0.46  (VIOLATED)
   core1/text_AR_d_reg[3][4]/D
                                1.96           2.43 r        -0.46  (VIOLATED)
   core1/text_AR_d_reg[10][3]/D
                                1.96           2.43 r        -0.46  (VIOLATED)
   core1/text_AR_d_reg[0][0]/D
                                1.96           2.43 r        -0.46  (VIOLATED)
   core1/text_AR_d_reg[2][6]/D
                                1.96           2.43 r        -0.46  (VIOLATED)
   core1/text_AR_d_reg[12][4]/D
                                1.97           2.43 f        -0.46  (VIOLATED)
   core1/text_AR_d_reg[14][0]/D
                                1.96           2.42 r        -0.46  (VIOLATED)
   core1/text_AR_d_reg[3][3]/D
                                1.96           2.42 r        -0.46  (VIOLATED)
   core1/text_AR_d_reg[8][5]/D
                                1.97           2.43 f        -0.46  (VIOLATED)
   core1/text_AR_d_reg[15][7]/D
                                1.96           2.42 r        -0.46  (VIOLATED)
   core1/text_AR_d_reg[2][4]/D
                                1.96           2.42 r        -0.46  (VIOLATED)
   core1/text_AR_d_reg[5][0]/D
                                1.96           2.42 r        -0.46  (VIOLATED)
   core1/text_AR_d_reg[10][7]/D
                                1.96           2.42 r        -0.46  (VIOLATED)
   core1/text_AR_d_reg[1][7]/D
                                1.96           2.42 r        -0.46  (VIOLATED)
   core1/text_AR_d_reg[13][2]/D
                                1.96           2.41 r        -0.45  (VIOLATED)
   core1/text_AR_d_reg[8][3]/D
                                1.96           2.42 r        -0.45  (VIOLATED)
   core1/text_AR_d_reg[4][6]/D
                                1.96           2.42 r        -0.45  (VIOLATED)
   core1/text_AR_d_reg[12][0]/D
                                1.96           2.42 r        -0.45  (VIOLATED)
   core1/text_AR_d_reg[4][5]/D
                                1.96           2.41 r        -0.45  (VIOLATED)
   core1/text_AR_d_reg[0][2]/D
                                1.96           2.41 r        -0.45  (VIOLATED)
   core1/text_AR_d_reg[5][2]/D
                                1.96           2.41 r        -0.45  (VIOLATED)
   core1/text_AR_d_reg[12][3]/D
                                1.97           2.42 f        -0.45  (VIOLATED)
   core1/text_AR_d_reg[12][5]/D
                                1.96           2.41 r        -0.45  (VIOLATED)
   core1/text_AR_d_reg[14][2]/D
                                1.96           2.41 r        -0.45  (VIOLATED)
   core1/text_AR_d_reg[14][4]/D
                                1.96           2.41 r        -0.44  (VIOLATED)
   core1/text_AR_d_reg[15][2]/D
                                1.96           2.41 r        -0.44  (VIOLATED)
   core1/text_AR_d_reg[0][4]/D
                                1.96           2.40 r        -0.44  (VIOLATED)
   core1/text_AR_d_reg[14][6]/D
                                1.96           2.41 r        -0.44  (VIOLATED)
   core1/text_AR_d_reg[9][6]/D
                                1.96           2.41 r        -0.44  (VIOLATED)
   core1/text_AR_d_reg[4][2]/D
                                1.96           2.40 r        -0.44  (VIOLATED)
   core1/text_AR_d_reg[12][6]/D
                                1.96           2.41 r        -0.44  (VIOLATED)
   core1/text_AR_d_reg[9][7]/D
                                1.96           2.40 r        -0.44  (VIOLATED)
   core1/text_AR_d_reg[9][2]/D
                                1.96           2.40 r        -0.44  (VIOLATED)
   core1/text_AR_d_reg[4][7]/D
                                1.96           2.40 r        -0.44  (VIOLATED)
   core1/text_AR_d_reg[14][7]/D
                                1.96           2.40 r        -0.44  (VIOLATED)
   core1/text_AR_d_reg[2][1]/D
                                1.96           2.40 r        -0.43  (VIOLATED)
   core1/text_AR_d_reg[12][7]/D
                                1.96           2.40 r        -0.43  (VIOLATED)
   core1/text_AR_d_reg[13][5]/D
                                1.96           2.40 r        -0.43  (VIOLATED)
   core1/text_AR_d_reg[11][2]/D
                                1.96           2.39 r        -0.43  (VIOLATED)
   core1/text_AR_d_reg[7][6]/D
                                1.96           2.38 r        -0.42  (VIOLATED)
   core1/text_AR_d_reg[13][0]/D
                                1.96           2.37 r        -0.41  (VIOLATED)


1
